Information: Updating design information... (UID-85)
Warning: Design 'BOOTHMUL_N32' contains 1 high-fanout nets. A fanout number of 1000 will be used for delay calculations involving these nets. (TIM-134)
 
****************************************
Report : timing
        -path full
        -delay max
        -max_paths 1
Design : BOOTHMUL_N32
Version: Z-2007.03-SP1
Date   : Mon Apr  9 19:07:09 2018
****************************************

 # A fanout number of 1000 was used for high fanout net computations.

Operating Conditions: typical   Library: NangateOpenCellLibrary
Wire Load Model Mode: top

  Startpoint: B[1] (input port)
  Endpoint: P[63] (output port)
  Path Group: (none)
  Path Type: max

  Des/Clust/Port     Wire Load Model       Library
  ------------------------------------------------
  BOOTHMUL_N32       5K_hvratio_1_1        NangateOpenCellLibrary

  Point                                                   Incr       Path
  --------------------------------------------------------------------------
  input external delay                                    0.00       0.00 r
  B[1] (in)                                               0.00       0.00 r
  enc_i_1/I[0] (BOOTH_ENCODER_15)                         0.00       0.00 r
  enc_i_1/U6/ZN (XNOR2_X1)                                0.07       0.07 r
  enc_i_1/U3/Z (MUX2_X1)                                  0.05       0.12 r
  enc_i_1/U2/ZN (INV_X1)                                  0.03       0.15 f
  enc_i_1/O[1] (BOOTH_ENCODER_15)                         0.00       0.15 f
  mux_i_1/SEL[1] (MUX51_GENERIC_N64_15)                   0.00       0.15 f
  mux_i_1/U201/ZN (INV_X1)                                0.04       0.19 r
  mux_i_1/U200/ZN (NOR3_X1)                               0.03       0.22 f
  mux_i_1/U3/Z (CLKBUF_X3)                                0.18       0.40 f
  mux_i_1/U4/ZN (OR4_X1)                                  0.19       0.58 f
  mux_i_1/U5/ZN (INV_X4)                                  0.15       0.74 r
  mux_i_1/U197/ZN (AOI222_X1)                             0.08       0.81 f
  mux_i_1/U196/ZN (NAND2_X1)                              0.05       0.86 r
  mux_i_1/Y[0] (MUX51_GENERIC_N64_15)                     0.00       0.86 r
  add_i_0/A[0] (RCA_generic_N64_0)                        0.00       0.86 r
  add_i_0/FAI_1/A (FA_0)                                  0.00       0.86 r
  add_i_0/FAI_1/U4/Z (XOR2_X1)                            0.08       0.94 r
  add_i_0/FAI_1/U1/Z (XOR2_X1)                            0.09       1.03 r
  add_i_0/FAI_1/S (FA_0)                                  0.00       1.03 r
  add_i_0/S[0] (RCA_generic_N64_0)                        0.00       1.03 r
  add_i_1/B[0] (RCA_generic_N64_14)                       0.00       1.03 r
  add_i_1/FAI_1/B (FA_896)                                0.00       1.03 r
  add_i_1/FAI_1/U4/Z (XOR2_X1)                            0.09       1.11 r
  add_i_1/FAI_1/U1/Z (XOR2_X1)                            0.09       1.20 r
  add_i_1/FAI_1/S (FA_896)                                0.00       1.20 r
  add_i_1/S[0] (RCA_generic_N64_14)                       0.00       1.20 r
  add_i_2/B[0] (RCA_generic_N64_13)                       0.00       1.20 r
  add_i_2/FAI_1/B (FA_832)                                0.00       1.20 r
  add_i_2/FAI_1/U4/Z (XOR2_X1)                            0.09       1.29 r
  add_i_2/FAI_1/U1/Z (XOR2_X1)                            0.09       1.37 r
  add_i_2/FAI_1/S (FA_832)                                0.00       1.37 r
  add_i_2/S[0] (RCA_generic_N64_13)                       0.00       1.37 r
  add_i_3/B[0] (RCA_generic_N64_12)                       0.00       1.37 r
  add_i_3/FAI_1/B (FA_768)                                0.00       1.37 r
  add_i_3/FAI_1/U4/Z (XOR2_X1)                            0.09       1.46 r
  add_i_3/FAI_1/U1/Z (XOR2_X1)                            0.09       1.54 r
  add_i_3/FAI_1/S (FA_768)                                0.00       1.54 r
  add_i_3/S[0] (RCA_generic_N64_12)                       0.00       1.54 r
  add_i_4/B[0] (RCA_generic_N64_11)                       0.00       1.54 r
  add_i_4/FAI_1/B (FA_704)                                0.00       1.54 r
  add_i_4/FAI_1/U4/Z (XOR2_X1)                            0.09       1.63 r
  add_i_4/FAI_1/U1/Z (XOR2_X1)                            0.09       1.72 r
  add_i_4/FAI_1/S (FA_704)                                0.00       1.72 r
  add_i_4/S[0] (RCA_generic_N64_11)                       0.00       1.72 r
  add_i_5/B[0] (RCA_generic_N64_10)                       0.00       1.72 r
  add_i_5/FAI_1/B (FA_640)                                0.00       1.72 r
  add_i_5/FAI_1/U4/Z (XOR2_X1)                            0.09       1.80 r
  add_i_5/FAI_1/U1/Z (XOR2_X1)                            0.09       1.89 r
  add_i_5/FAI_1/S (FA_640)                                0.00       1.89 r
  add_i_5/S[0] (RCA_generic_N64_10)                       0.00       1.89 r
  add_i_6/B[0] (RCA_generic_N64_9)                        0.00       1.89 r
  add_i_6/FAI_1/B (FA_576)                                0.00       1.89 r
  add_i_6/FAI_1/U4/Z (XOR2_X1)                            0.09       1.98 r
  add_i_6/FAI_1/U1/Z (XOR2_X1)                            0.09       2.06 r
  add_i_6/FAI_1/S (FA_576)                                0.00       2.06 r
  add_i_6/S[0] (RCA_generic_N64_9)                        0.00       2.06 r
  add_i_7/B[0] (RCA_generic_N64_8)                        0.00       2.06 r
  add_i_7/FAI_1/B (FA_512)                                0.00       2.06 r
  add_i_7/FAI_1/U4/Z (XOR2_X1)                            0.09       2.15 r
  add_i_7/FAI_1/U1/Z (XOR2_X1)                            0.09       2.23 r
  add_i_7/FAI_1/S (FA_512)                                0.00       2.23 r
  add_i_7/S[0] (RCA_generic_N64_8)                        0.00       2.23 r
  add_i_8/B[0] (RCA_generic_N64_7)                        0.00       2.23 r
  add_i_8/FAI_1/B (FA_448)                                0.00       2.23 r
  add_i_8/FAI_1/U4/Z (XOR2_X1)                            0.09       2.32 r
  add_i_8/FAI_1/U1/Z (XOR2_X1)                            0.09       2.41 r
  add_i_8/FAI_1/S (FA_448)                                0.00       2.41 r
  add_i_8/S[0] (RCA_generic_N64_7)                        0.00       2.41 r
  add_i_9/B[0] (RCA_generic_N64_6)                        0.00       2.41 r
  add_i_9/FAI_1/B (FA_384)                                0.00       2.41 r
  add_i_9/FAI_1/U4/Z (XOR2_X1)                            0.09       2.49 r
  add_i_9/FAI_1/U1/Z (XOR2_X1)                            0.09       2.58 r
  add_i_9/FAI_1/S (FA_384)                                0.00       2.58 r
  add_i_9/S[0] (RCA_generic_N64_6)                        0.00       2.58 r
  add_i_10/B[0] (RCA_generic_N64_5)                       0.00       2.58 r
  add_i_10/FAI_1/B (FA_320)                               0.00       2.58 r
  add_i_10/FAI_1/U4/Z (XOR2_X1)                           0.09       2.67 r
  add_i_10/FAI_1/U1/Z (XOR2_X1)                           0.09       2.75 r
  add_i_10/FAI_1/S (FA_320)                               0.00       2.75 r
  add_i_10/S[0] (RCA_generic_N64_5)                       0.00       2.75 r
  add_i_11/B[0] (RCA_generic_N64_4)                       0.00       2.75 r
  add_i_11/FAI_1/B (FA_256)                               0.00       2.75 r
  add_i_11/FAI_1/U4/Z (XOR2_X1)                           0.09       2.84 r
  add_i_11/FAI_1/U1/Z (XOR2_X1)                           0.09       2.92 r
  add_i_11/FAI_1/S (FA_256)                               0.00       2.92 r
  add_i_11/S[0] (RCA_generic_N64_4)                       0.00       2.92 r
  add_i_12/B[0] (RCA_generic_N64_3)                       0.00       2.92 r
  add_i_12/FAI_1/B (FA_192)                               0.00       2.92 r
  add_i_12/FAI_1/U4/Z (XOR2_X1)                           0.09       3.01 r
  add_i_12/FAI_1/U1/Z (XOR2_X1)                           0.09       3.10 r
  add_i_12/FAI_1/S (FA_192)                               0.00       3.10 r
  add_i_12/S[0] (RCA_generic_N64_3)                       0.00       3.10 r
  add_i_13/B[0] (RCA_generic_N64_2)                       0.00       3.10 r
  add_i_13/FAI_1/B (FA_128)                               0.00       3.10 r
  add_i_13/FAI_1/U4/Z (XOR2_X1)                           0.09       3.18 r
  add_i_13/FAI_1/U1/Z (XOR2_X1)                           0.09       3.27 r
  add_i_13/FAI_1/S (FA_128)                               0.00       3.27 r
  add_i_13/S[0] (RCA_generic_N64_2)                       0.00       3.27 r
  add_i_14/B[0] (RCA_generic_N64_1)                       0.00       3.27 r
  add_i_14/FAI_1/B (FA_64)                                0.00       3.27 r
  add_i_14/FAI_1/U4/Z (XOR2_X1)                           0.05       3.32 f
  add_i_14/FAI_1/U3/ZN (AOI22_X1)                         0.06       3.37 r
  add_i_14/FAI_1/U2/ZN (INV_X1)                           0.03       3.40 f
  add_i_14/FAI_1/Co (FA_64)                               0.00       3.40 f
  add_i_14/FAI_2/Ci (FA_63)                               0.00       3.40 f
  add_i_14/FAI_2/U3/ZN (AOI22_X1)                         0.06       3.46 r
  add_i_14/FAI_2/U2/ZN (INV_X1)                           0.03       3.49 f
  add_i_14/FAI_2/Co (FA_63)                               0.00       3.49 f
  add_i_14/FAI_3/Ci (FA_62)                               0.00       3.49 f
  add_i_14/FAI_3/U3/ZN (AOI22_X1)                         0.06       3.55 r
  add_i_14/FAI_3/U2/ZN (INV_X1)                           0.03       3.58 f
  add_i_14/FAI_3/Co (FA_62)                               0.00       3.58 f
  add_i_14/FAI_4/Ci (FA_61)                               0.00       3.58 f
  add_i_14/FAI_4/U3/ZN (AOI22_X1)                         0.06       3.64 r
  add_i_14/FAI_4/U2/ZN (INV_X1)                           0.03       3.67 f
  add_i_14/FAI_4/Co (FA_61)                               0.00       3.67 f
  add_i_14/FAI_5/Ci (FA_60)                               0.00       3.67 f
  add_i_14/FAI_5/U3/ZN (AOI22_X1)                         0.06       3.73 r
  add_i_14/FAI_5/U2/ZN (INV_X1)                           0.03       3.76 f
  add_i_14/FAI_5/Co (FA_60)                               0.00       3.76 f
  add_i_14/FAI_6/Ci (FA_59)                               0.00       3.76 f
  add_i_14/FAI_6/U3/ZN (AOI22_X1)                         0.06       3.82 r
  add_i_14/FAI_6/U2/ZN (INV_X1)                           0.03       3.85 f
  add_i_14/FAI_6/Co (FA_59)                               0.00       3.85 f
  add_i_14/FAI_7/Ci (FA_58)                               0.00       3.85 f
  add_i_14/FAI_7/U3/ZN (AOI22_X1)                         0.06       3.91 r
  add_i_14/FAI_7/U2/ZN (INV_X1)                           0.03       3.94 f
  add_i_14/FAI_7/Co (FA_58)                               0.00       3.94 f
  add_i_14/FAI_8/Ci (FA_57)                               0.00       3.94 f
  add_i_14/FAI_8/U3/ZN (AOI22_X1)                         0.06       4.00 r
  add_i_14/FAI_8/U2/ZN (INV_X1)                           0.03       4.03 f
  add_i_14/FAI_8/Co (FA_57)                               0.00       4.03 f
  add_i_14/FAI_9/Ci (FA_56)                               0.00       4.03 f
  add_i_14/FAI_9/U3/ZN (AOI22_X1)                         0.06       4.09 r
  add_i_14/FAI_9/U2/ZN (INV_X1)                           0.03       4.12 f
  add_i_14/FAI_9/Co (FA_56)                               0.00       4.12 f
  add_i_14/FAI_10/Ci (FA_55)                              0.00       4.12 f
  add_i_14/FAI_10/U3/ZN (AOI22_X1)                        0.06       4.18 r
  add_i_14/FAI_10/U2/ZN (INV_X1)                          0.03       4.21 f
  add_i_14/FAI_10/Co (FA_55)                              0.00       4.21 f
  add_i_14/FAI_11/Ci (FA_54)                              0.00       4.21 f
  add_i_14/FAI_11/U3/ZN (AOI22_X1)                        0.06       4.27 r
  add_i_14/FAI_11/U2/ZN (INV_X1)                          0.03       4.30 f
  add_i_14/FAI_11/Co (FA_54)                              0.00       4.30 f
  add_i_14/FAI_12/Ci (FA_53)                              0.00       4.30 f
  add_i_14/FAI_12/U3/ZN (AOI22_X1)                        0.06       4.36 r
  add_i_14/FAI_12/U2/ZN (INV_X1)                          0.03       4.39 f
  add_i_14/FAI_12/Co (FA_53)                              0.00       4.39 f
  add_i_14/FAI_13/Ci (FA_52)                              0.00       4.39 f
  add_i_14/FAI_13/U3/ZN (AOI22_X1)                        0.06       4.45 r
  add_i_14/FAI_13/U2/ZN (INV_X1)                          0.03       4.48 f
  add_i_14/FAI_13/Co (FA_52)                              0.00       4.48 f
  add_i_14/FAI_14/Ci (FA_51)                              0.00       4.48 f
  add_i_14/FAI_14/U3/ZN (AOI22_X1)                        0.06       4.54 r
  add_i_14/FAI_14/U2/ZN (INV_X1)                          0.03       4.57 f
  add_i_14/FAI_14/Co (FA_51)                              0.00       4.57 f
  add_i_14/FAI_15/Ci (FA_50)                              0.00       4.57 f
  add_i_14/FAI_15/U3/ZN (AOI22_X1)                        0.06       4.63 r
  add_i_14/FAI_15/U2/ZN (INV_X1)                          0.03       4.66 f
  add_i_14/FAI_15/Co (FA_50)                              0.00       4.66 f
  add_i_14/FAI_16/Ci (FA_49)                              0.00       4.66 f
  add_i_14/FAI_16/U3/ZN (AOI22_X1)                        0.06       4.72 r
  add_i_14/FAI_16/U2/ZN (INV_X1)                          0.03       4.75 f
  add_i_14/FAI_16/Co (FA_49)                              0.00       4.75 f
  add_i_14/FAI_17/Ci (FA_48)                              0.00       4.75 f
  add_i_14/FAI_17/U3/ZN (AOI22_X1)                        0.06       4.81 r
  add_i_14/FAI_17/U2/ZN (INV_X1)                          0.03       4.84 f
  add_i_14/FAI_17/Co (FA_48)                              0.00       4.84 f
  add_i_14/FAI_18/Ci (FA_47)                              0.00       4.84 f
  add_i_14/FAI_18/U3/ZN (AOI22_X1)                        0.06       4.90 r
  add_i_14/FAI_18/U2/ZN (INV_X1)                          0.03       4.93 f
  add_i_14/FAI_18/Co (FA_47)                              0.00       4.93 f
  add_i_14/FAI_19/Ci (FA_46)                              0.00       4.93 f
  add_i_14/FAI_19/U3/ZN (AOI22_X1)                        0.06       4.99 r
  add_i_14/FAI_19/U2/ZN (INV_X1)                          0.03       5.02 f
  add_i_14/FAI_19/Co (FA_46)                              0.00       5.02 f
  add_i_14/FAI_20/Ci (FA_45)                              0.00       5.02 f
  add_i_14/FAI_20/U3/ZN (AOI22_X1)                        0.06       5.08 r
  add_i_14/FAI_20/U2/ZN (INV_X1)                          0.03       5.11 f
  add_i_14/FAI_20/Co (FA_45)                              0.00       5.11 f
  add_i_14/FAI_21/Ci (FA_44)                              0.00       5.11 f
  add_i_14/FAI_21/U3/ZN (AOI22_X1)                        0.06       5.17 r
  add_i_14/FAI_21/U2/ZN (INV_X1)                          0.03       5.20 f
  add_i_14/FAI_21/Co (FA_44)                              0.00       5.20 f
  add_i_14/FAI_22/Ci (FA_43)                              0.00       5.20 f
  add_i_14/FAI_22/U3/ZN (AOI22_X1)                        0.06       5.26 r
  add_i_14/FAI_22/U2/ZN (INV_X1)                          0.03       5.29 f
  add_i_14/FAI_22/Co (FA_43)                              0.00       5.29 f
  add_i_14/FAI_23/Ci (FA_42)                              0.00       5.29 f
  add_i_14/FAI_23/U3/ZN (AOI22_X1)                        0.06       5.35 r
  add_i_14/FAI_23/U2/ZN (INV_X1)                          0.03       5.38 f
  add_i_14/FAI_23/Co (FA_42)                              0.00       5.38 f
  add_i_14/FAI_24/Ci (FA_41)                              0.00       5.38 f
  add_i_14/FAI_24/U3/ZN (AOI22_X1)                        0.06       5.44 r
  add_i_14/FAI_24/U2/ZN (INV_X1)                          0.03       5.47 f
  add_i_14/FAI_24/Co (FA_41)                              0.00       5.47 f
  add_i_14/FAI_25/Ci (FA_40)                              0.00       5.47 f
  add_i_14/FAI_25/U3/ZN (AOI22_X1)                        0.06       5.53 r
  add_i_14/FAI_25/U2/ZN (INV_X1)                          0.03       5.56 f
  add_i_14/FAI_25/Co (FA_40)                              0.00       5.56 f
  add_i_14/FAI_26/Ci (FA_39)                              0.00       5.56 f
  add_i_14/FAI_26/U3/ZN (AOI22_X1)                        0.06       5.62 r
  add_i_14/FAI_26/U2/ZN (INV_X1)                          0.03       5.65 f
  add_i_14/FAI_26/Co (FA_39)                              0.00       5.65 f
  add_i_14/FAI_27/Ci (FA_38)                              0.00       5.65 f
  add_i_14/FAI_27/U3/ZN (AOI22_X1)                        0.06       5.71 r
  add_i_14/FAI_27/U2/ZN (INV_X1)                          0.03       5.74 f
  add_i_14/FAI_27/Co (FA_38)                              0.00       5.74 f
  add_i_14/FAI_28/Ci (FA_37)                              0.00       5.74 f
  add_i_14/FAI_28/U3/ZN (AOI22_X1)                        0.06       5.80 r
  add_i_14/FAI_28/U2/ZN (INV_X1)                          0.03       5.83 f
  add_i_14/FAI_28/Co (FA_37)                              0.00       5.83 f
  add_i_14/FAI_29/Ci (FA_36)                              0.00       5.83 f
  add_i_14/FAI_29/U3/ZN (AOI22_X1)                        0.06       5.89 r
  add_i_14/FAI_29/U2/ZN (INV_X1)                          0.03       5.92 f
  add_i_14/FAI_29/Co (FA_36)                              0.00       5.92 f
  add_i_14/FAI_30/Ci (FA_35)                              0.00       5.92 f
  add_i_14/FAI_30/U3/ZN (AOI22_X1)                        0.06       5.98 r
  add_i_14/FAI_30/U2/ZN (INV_X1)                          0.03       6.01 f
  add_i_14/FAI_30/Co (FA_35)                              0.00       6.01 f
  add_i_14/FAI_31/Ci (FA_34)                              0.00       6.01 f
  add_i_14/FAI_31/U3/ZN (AOI22_X1)                        0.06       6.07 r
  add_i_14/FAI_31/U2/ZN (INV_X1)                          0.03       6.10 f
  add_i_14/FAI_31/Co (FA_34)                              0.00       6.10 f
  add_i_14/FAI_32/Ci (FA_33)                              0.00       6.10 f
  add_i_14/FAI_32/U3/ZN (AOI22_X1)                        0.06       6.16 r
  add_i_14/FAI_32/U2/ZN (INV_X1)                          0.03       6.19 f
  add_i_14/FAI_32/Co (FA_33)                              0.00       6.19 f
  add_i_14/FAI_33/Ci (FA_32)                              0.00       6.19 f
  add_i_14/FAI_33/U3/ZN (AOI22_X1)                        0.06       6.25 r
  add_i_14/FAI_33/U2/ZN (INV_X1)                          0.03       6.28 f
  add_i_14/FAI_33/Co (FA_32)                              0.00       6.28 f
  add_i_14/FAI_34/Ci (FA_31)                              0.00       6.28 f
  add_i_14/FAI_34/U3/ZN (AOI22_X1)                        0.06       6.34 r
  add_i_14/FAI_34/U2/ZN (INV_X1)                          0.03       6.37 f
  add_i_14/FAI_34/Co (FA_31)                              0.00       6.37 f
  add_i_14/FAI_35/Ci (FA_30)                              0.00       6.37 f
  add_i_14/FAI_35/U3/ZN (AOI22_X1)                        0.06       6.43 r
  add_i_14/FAI_35/U2/ZN (INV_X1)                          0.03       6.46 f
  add_i_14/FAI_35/Co (FA_30)                              0.00       6.46 f
  add_i_14/FAI_36/Ci (FA_29)                              0.00       6.46 f
  add_i_14/FAI_36/U3/ZN (AOI22_X1)                        0.06       6.52 r
  add_i_14/FAI_36/U2/ZN (INV_X1)                          0.03       6.55 f
  add_i_14/FAI_36/Co (FA_29)                              0.00       6.55 f
  add_i_14/FAI_37/Ci (FA_28)                              0.00       6.55 f
  add_i_14/FAI_37/U3/ZN (AOI22_X1)                        0.06       6.61 r
  add_i_14/FAI_37/U2/ZN (INV_X1)                          0.03       6.64 f
  add_i_14/FAI_37/Co (FA_28)                              0.00       6.64 f
  add_i_14/FAI_38/Ci (FA_27)                              0.00       6.64 f
  add_i_14/FAI_38/U3/ZN (AOI22_X1)                        0.06       6.70 r
  add_i_14/FAI_38/U2/ZN (INV_X1)                          0.03       6.73 f
  add_i_14/FAI_38/Co (FA_27)                              0.00       6.73 f
  add_i_14/FAI_39/Ci (FA_26)                              0.00       6.73 f
  add_i_14/FAI_39/U3/ZN (AOI22_X1)                        0.06       6.79 r
  add_i_14/FAI_39/U2/ZN (INV_X1)                          0.03       6.82 f
  add_i_14/FAI_39/Co (FA_26)                              0.00       6.82 f
  add_i_14/FAI_40/Ci (FA_25)                              0.00       6.82 f
  add_i_14/FAI_40/U3/ZN (AOI22_X1)                        0.06       6.88 r
  add_i_14/FAI_40/U2/ZN (INV_X1)                          0.03       6.91 f
  add_i_14/FAI_40/Co (FA_25)                              0.00       6.91 f
  add_i_14/FAI_41/Ci (FA_24)                              0.00       6.91 f
  add_i_14/FAI_41/U3/ZN (AOI22_X1)                        0.06       6.97 r
  add_i_14/FAI_41/U2/ZN (INV_X1)                          0.03       7.00 f
  add_i_14/FAI_41/Co (FA_24)                              0.00       7.00 f
  add_i_14/FAI_42/Ci (FA_23)                              0.00       7.00 f
  add_i_14/FAI_42/U3/ZN (AOI22_X1)                        0.06       7.06 r
  add_i_14/FAI_42/U2/ZN (INV_X1)                          0.03       7.09 f
  add_i_14/FAI_42/Co (FA_23)                              0.00       7.09 f
  add_i_14/FAI_43/Ci (FA_22)                              0.00       7.09 f
  add_i_14/FAI_43/U3/ZN (AOI22_X1)                        0.06       7.15 r
  add_i_14/FAI_43/U2/ZN (INV_X1)                          0.03       7.18 f
  add_i_14/FAI_43/Co (FA_22)                              0.00       7.18 f
  add_i_14/FAI_44/Ci (FA_21)                              0.00       7.18 f
  add_i_14/FAI_44/U3/ZN (AOI22_X1)                        0.06       7.24 r
  add_i_14/FAI_44/U2/ZN (INV_X1)                          0.03       7.27 f
  add_i_14/FAI_44/Co (FA_21)                              0.00       7.27 f
  add_i_14/FAI_45/Ci (FA_20)                              0.00       7.27 f
  add_i_14/FAI_45/U3/ZN (AOI22_X1)                        0.06       7.33 r
  add_i_14/FAI_45/U2/ZN (INV_X1)                          0.03       7.36 f
  add_i_14/FAI_45/Co (FA_20)                              0.00       7.36 f
  add_i_14/FAI_46/Ci (FA_19)                              0.00       7.36 f
  add_i_14/FAI_46/U3/ZN (AOI22_X1)                        0.06       7.42 r
  add_i_14/FAI_46/U2/ZN (INV_X1)                          0.03       7.45 f
  add_i_14/FAI_46/Co (FA_19)                              0.00       7.45 f
  add_i_14/FAI_47/Ci (FA_18)                              0.00       7.45 f
  add_i_14/FAI_47/U3/ZN (AOI22_X1)                        0.06       7.51 r
  add_i_14/FAI_47/U2/ZN (INV_X1)                          0.03       7.54 f
  add_i_14/FAI_47/Co (FA_18)                              0.00       7.54 f
  add_i_14/FAI_48/Ci (FA_17)                              0.00       7.54 f
  add_i_14/FAI_48/U3/ZN (AOI22_X1)                        0.06       7.60 r
  add_i_14/FAI_48/U2/ZN (INV_X1)                          0.03       7.63 f
  add_i_14/FAI_48/Co (FA_17)                              0.00       7.63 f
  add_i_14/FAI_49/Ci (FA_16)                              0.00       7.63 f
  add_i_14/FAI_49/U3/ZN (AOI22_X1)                        0.06       7.69 r
  add_i_14/FAI_49/U2/ZN (INV_X1)                          0.03       7.72 f
  add_i_14/FAI_49/Co (FA_16)                              0.00       7.72 f
  add_i_14/FAI_50/Ci (FA_15)                              0.00       7.72 f
  add_i_14/FAI_50/U3/ZN (AOI22_X1)                        0.06       7.78 r
  add_i_14/FAI_50/U2/ZN (INV_X1)                          0.03       7.81 f
  add_i_14/FAI_50/Co (FA_15)                              0.00       7.81 f
  add_i_14/FAI_51/Ci (FA_14)                              0.00       7.81 f
  add_i_14/FAI_51/U3/ZN (AOI22_X1)                        0.06       7.87 r
  add_i_14/FAI_51/U2/ZN (INV_X1)                          0.03       7.90 f
  add_i_14/FAI_51/Co (FA_14)                              0.00       7.90 f
  add_i_14/FAI_52/Ci (FA_13)                              0.00       7.90 f
  add_i_14/FAI_52/U3/ZN (AOI22_X1)                        0.06       7.96 r
  add_i_14/FAI_52/U2/ZN (INV_X1)                          0.03       7.99 f
  add_i_14/FAI_52/Co (FA_13)                              0.00       7.99 f
  add_i_14/FAI_53/Ci (FA_12)                              0.00       7.99 f
  add_i_14/FAI_53/U3/ZN (AOI22_X1)                        0.06       8.05 r
  add_i_14/FAI_53/U2/ZN (INV_X1)                          0.03       8.08 f
  add_i_14/FAI_53/Co (FA_12)                              0.00       8.08 f
  add_i_14/FAI_54/Ci (FA_11)                              0.00       8.08 f
  add_i_14/FAI_54/U3/ZN (AOI22_X1)                        0.06       8.14 r
  add_i_14/FAI_54/U2/ZN (INV_X1)                          0.03       8.17 f
  add_i_14/FAI_54/Co (FA_11)                              0.00       8.17 f
  add_i_14/FAI_55/Ci (FA_10)                              0.00       8.17 f
  add_i_14/FAI_55/U3/ZN (AOI22_X1)                        0.06       8.23 r
  add_i_14/FAI_55/U2/ZN (INV_X1)                          0.03       8.26 f
  add_i_14/FAI_55/Co (FA_10)                              0.00       8.26 f
  add_i_14/FAI_56/Ci (FA_9)                               0.00       8.26 f
  add_i_14/FAI_56/U3/ZN (AOI22_X1)                        0.06       8.32 r
  add_i_14/FAI_56/U2/ZN (INV_X1)                          0.03       8.35 f
  add_i_14/FAI_56/Co (FA_9)                               0.00       8.35 f
  add_i_14/FAI_57/Ci (FA_8)                               0.00       8.35 f
  add_i_14/FAI_57/U3/ZN (AOI22_X1)                        0.06       8.41 r
  add_i_14/FAI_57/U2/ZN (INV_X1)                          0.03       8.44 f
  add_i_14/FAI_57/Co (FA_8)                               0.00       8.44 f
  add_i_14/FAI_58/Ci (FA_7)                               0.00       8.44 f
  add_i_14/FAI_58/U3/ZN (AOI22_X1)                        0.06       8.50 r
  add_i_14/FAI_58/U2/ZN (INV_X1)                          0.03       8.53 f
  add_i_14/FAI_58/Co (FA_7)                               0.00       8.53 f
  add_i_14/FAI_59/Ci (FA_6)                               0.00       8.53 f
  add_i_14/FAI_59/U3/ZN (AOI22_X1)                        0.06       8.59 r
  add_i_14/FAI_59/U2/ZN (INV_X1)                          0.03       8.62 f
  add_i_14/FAI_59/Co (FA_6)                               0.00       8.62 f
  add_i_14/FAI_60/Ci (FA_5)                               0.00       8.62 f
  add_i_14/FAI_60/U3/ZN (AOI22_X1)                        0.06       8.68 r
  add_i_14/FAI_60/U2/ZN (INV_X1)                          0.03       8.71 f
  add_i_14/FAI_60/Co (FA_5)                               0.00       8.71 f
  add_i_14/FAI_61/Ci (FA_4)                               0.00       8.71 f
  add_i_14/FAI_61/U3/ZN (AOI22_X1)                        0.06       8.77 r
  add_i_14/FAI_61/U2/ZN (INV_X1)                          0.03       8.80 f
  add_i_14/FAI_61/Co (FA_4)                               0.00       8.80 f
  add_i_14/FAI_62/Ci (FA_3)                               0.00       8.80 f
  add_i_14/FAI_62/U3/ZN (AOI22_X1)                        0.06       8.86 r
  add_i_14/FAI_62/U2/ZN (INV_X1)                          0.03       8.89 f
  add_i_14/FAI_62/Co (FA_3)                               0.00       8.89 f
  add_i_14/FAI_63/Ci (FA_2)                               0.00       8.89 f
  add_i_14/FAI_63/U3/ZN (AOI22_X1)                        0.06       8.95 r
  add_i_14/FAI_63/U2/ZN (INV_X1)                          0.03       8.98 f
  add_i_14/FAI_63/Co (FA_2)                               0.00       8.98 f
  add_i_14/FAI_64/Ci (FA_1)                               0.00       8.98 f
  add_i_14/FAI_64/U1/Z (XOR2_X1)                          0.07       9.05 f
  add_i_14/FAI_64/S (FA_1)                                0.00       9.05 f
  add_i_14/S[63] (RCA_generic_N64_1)                      0.00       9.05 f
  add_128/A[63] (BOOTHMUL_N32_DW01_add_0)                 0.00       9.05 f
  add_128/U1/Z (XOR2_X1)                                  0.06       9.11 f
  add_128/SUM[63] (BOOTHMUL_N32_DW01_add_0)               0.00       9.11 f
  P[63] (out)                                             0.00       9.12 f
  data arrival time                                                  9.12
  --------------------------------------------------------------------------
  (Path is unconstrained)


1
