Information: Updating design information... (UID-85)
 
****************************************
Report : timing
        -path full
        -delay max
        -max_paths 1
Design : P4ADD_N32
Version: Z-2007.03-SP1
Date   : Mon Apr  9 21:41:50 2018
****************************************

Operating Conditions: typical   Library: NangateOpenCellLibrary
Wire Load Model Mode: top

  Startpoint: A[3] (input port)
  Endpoint: S[31] (output port)
  Path Group: (none)
  Path Type: max

  Des/Clust/Port     Wire Load Model       Library
  ------------------------------------------------
  P4ADD_N32          5K_hvratio_1_1        NangateOpenCellLibrary

  Point                                                   Incr       Path
  --------------------------------------------------------------------------
  input external delay                                    0.00       0.00 f
  A[3] (in)                                               0.00       0.00 f
  carry_gen/A[3] (CARRY_GENERATOR_N32)                    0.00       0.00 f
  carry_gen/U6/Z (XOR2_X1)                                0.08       0.08 f
  carry_gen/pg_i_1/Pi[1] (PG_BLOCK_0)                     0.00       0.08 f
  carry_gen/pg_i_1/U3/ZN (AOI21_X1)                       0.05       0.13 r
  carry_gen/pg_i_1/U2/ZN (INV_X1)                         0.02       0.15 f
  carry_gen/pg_i_1/Go (PG_BLOCK_0)                        0.00       0.15 f
  carry_gen/g_i_0_0/Gi[1] (G_BLOCK_8)                     0.00       0.15 f
  carry_gen/g_i_0_0/U2/ZN (AOI21_X1)                      0.05       0.20 r
  carry_gen/g_i_0_0/U1/ZN (INV_X1)                        0.04       0.24 f
  carry_gen/g_i_0_0/Go (G_BLOCK_8)                        0.00       0.24 f
  carry_gen/g_i_0_1/Gi[0] (G_BLOCK_7)                     0.00       0.24 f
  carry_gen/g_i_0_1/U2/ZN (AOI21_X1)                      0.05       0.29 r
  carry_gen/g_i_0_1/U1/ZN (INV_X1)                        0.04       0.34 f
  carry_gen/g_i_0_1/Go (G_BLOCK_7)                        0.00       0.34 f
  carry_gen/g_i_1_3/Gi[0] (G_BLOCK_5)                     0.00       0.34 f
  carry_gen/g_i_1_3/U2/ZN (AOI21_X1)                      0.05       0.39 r
  carry_gen/g_i_1_3/U1/ZN (INV_X1)                        0.05       0.44 f
  carry_gen/g_i_1_3/Go (G_BLOCK_5)                        0.00       0.44 f
  carry_gen/g_i_2_6/Gi[0] (G_BLOCK_2)                     0.00       0.44 f
  carry_gen/g_i_2_6/U2/ZN (AOI21_X1)                      0.06       0.50 r
  carry_gen/g_i_2_6/U1/ZN (INV_X1)                        0.04       0.53 f
  carry_gen/g_i_2_6/Go (G_BLOCK_2)                        0.00       0.53 f
  carry_gen/C_o[7] (CARRY_GENERATOR_N32)                  0.00       0.53 f
  sum_gen/C_in[7] (SUM_GENERATOR_N32)                     0.00       0.53 f
  sum_gen/csa_block_7/C_in (CARRY_SELECT_BLOCK_N4_1)      0.00       0.53 f
  sum_gen/csa_block_7/mux_sum/SEL (MUX21_GENERIC_N4_1)
                                                          0.00       0.53 f
  sum_gen/csa_block_7/mux_sum/U1/Z (MUX2_X1)              0.07       0.60 r
  sum_gen/csa_block_7/mux_sum/Y[3] (MUX21_GENERIC_N4_1)
                                                          0.00       0.60 r
  sum_gen/csa_block_7/O[3] (CARRY_SELECT_BLOCK_N4_1)      0.00       0.60 r
  sum_gen/O[31] (SUM_GENERATOR_N32)                       0.00       0.60 r
  S[31] (out)                                             0.00       0.60 r
  data arrival time                                                  0.60
  --------------------------------------------------------------------------
  (Path is unconstrained)


1
